======================================
           VERIFICATE OK
======================================
INFORMATION:
File name:     ./src/stack.cpp
Function name: stack_init
Line number:   127
---------------------------------------
    num_elems: 0
    capacity:  10
    stack canary1: -1
    stack canary2: -2
    first_el:  00691620
---------------------------------------
======================================


======================================
           VERIFICATE OK
======================================
INFORMATION:
File name:     ./src/stack.cpp
Function name: push
Line number:   178
---------------------------------------
    num_elems: 0
    capacity:  10
    stack canary1: -1
    stack canary2: -2
    first_el:  00691620
---------------------------------------
======================================


======================================
           VERIFICATE OK
======================================
INFORMATION:
File name:     ./src/stack.cpp
Function name: push
Line number:   187
---------------------------------------
    num_elems: 1
    capacity:  10
    stack canary1: -1
    stack canary2: -2
    first_el:  00691620
---------------------------------------
        elem [0]: s
======================================


======================================
           VERIFICATE OK
======================================
INFORMATION:
File name:     ./src/stack.cpp
Function name: push
Line number:   178
---------------------------------------
    num_elems: 1
    capacity:  10
    stack canary1: -1
    stack canary2: -2
    first_el:  00691620
---------------------------------------
        elem [0]: s
======================================


======================================
           VERIFICATE OK
======================================
INFORMATION:
File name:     ./src/stack.cpp
Function name: push
Line number:   187
---------------------------------------
    num_elems: 2
    capacity:  10
    stack canary1: -1
    stack canary2: -2
    first_el:  00691620
---------------------------------------
        elem [0]: s
        elem [1]: k
======================================


======================================
           VERIFICATE OK
======================================
INFORMATION:
File name:     ./src/stack.cpp
Function name: push
Line number:   178
---------------------------------------
    num_elems: 2
    capacity:  10
    stack canary1: -1
    stack canary2: -2
    first_el:  00691620
---------------------------------------
        elem [0]: s
        elem [1]: k
======================================


======================================
           VERIFICATE OK
======================================
INFORMATION:
File name:     ./src/stack.cpp
Function name: push
Line number:   187
---------------------------------------
    num_elems: 3
    capacity:  10
    stack canary1: -1
    stack canary2: -2
    first_el:  00691620
---------------------------------------
        elem [0]: s
        elem [1]: k
        elem [2]: m
======================================


======================================
           VERIFICATE OK
======================================
INFORMATION:
File name:     ./src/stack.cpp
Function name: pop
Line number:   152
---------------------------------------
    num_elems: 3
    capacity:  10
    stack canary1: -1
    stack canary2: -2
    first_el:  00691620
---------------------------------------
        elem [0]: s
        elem [1]: k
        elem [2]: m
======================================


======================================
           VERIFICATE OK
======================================
INFORMATION:
File name:     ./src/stack.cpp
Function name: pop
Line number:   167
---------------------------------------
    num_elems: 2
    capacity:  10
    stack canary1: -1
    stack canary2: -2
    first_el:  00691620
---------------------------------------
        elem [0]: s
        elem [1]: k
======================================


======================================
           VERIFICATE OK
======================================
INFORMATION:
File name:     ./src/stack.cpp
Function name: pop
Line number:   152
---------------------------------------
    num_elems: 2
    capacity:  10
    stack canary1: -1
    stack canary2: -2
    first_el:  00691620
---------------------------------------
        elem [0]: s
        elem [1]: k
======================================


======================================
           VERIFICATE OK
======================================
INFORMATION:
File name:     ./src/stack.cpp
Function name: pop
Line number:   167
---------------------------------------
    num_elems: 1
    capacity:  10
    stack canary1: -1
    stack canary2: -2
    first_el:  00691620
---------------------------------------
        elem [0]: s
======================================


======================================
           VERIFICATE OK
======================================
INFORMATION:
File name:     ./src/stack.cpp
Function name: pop
Line number:   152
---------------------------------------
    num_elems: 1
    capacity:  10
    stack canary1: -1
    stack canary2: -2
    first_el:  00691620
---------------------------------------
        elem [0]: s
======================================


======================================
           VERIFICATE OK
======================================
INFORMATION:
File name:     ./src/stack.cpp
Function name: pop
Line number:   167
---------------------------------------
    num_elems: 0
    capacity:  10
    stack canary1: -1
    stack canary2: -2
    first_el:  00691620
---------------------------------------
======================================


